// Jest Snapshot v1, https://goo.gl/fbAQLP

exports[`CCarouselCaption renders basic wrapper correctly 1`] = `
<div
  className="carousel-caption"
/>
`;

exports[`CCarouselCaption renders customized wrapper correctly 1`] = `
<div
  className="carousel-caption class-name"
>
  CCarouselCaption
</div>
`;
