// Jest Snapshot v1, https://goo.gl/fbAQLP

exports[`CTabPane renders customized wrapper correctly 1`] = `
<CTabPane
  active={true}
  className="class-name"
>
  <CFade
    appear={true}
    baseClass=""
    baseClassActive="show"
    className="tab-pane active class-name"
    enter={true}
    exit={true}
    in={true}
    innerRef={
      Object {
        "current": <div
          class="tab-pane active class-name"
        >
          CTabPane
        </div>,
      }
    }
    tag="div"
    timeout={150}
  >
    <Transition
      appear={true}
      enter={true}
      exit={true}
      in={true}
      mountOnEnter={false}
      nodeRef={
        Object {
          "current": <div
            class="tab-pane active class-name"
          >
            CTabPane
          </div>,
        }
      }
      onEnter={[Function]}
      onEntered={[Function]}
      onEntering={[Function]}
      onExit={[Function]}
      onExited={[Function]}
      onExiting={[Function]}
      timeout={150}
      unmountOnExit={false}
    >
      <div
        className="tab-pane active class-name"
      >
        CTabPane
      </div>
    </Transition>
  </CFade>
</CTabPane>
`;
